*** EVALUATION ************************************************************************************************
*********************************************************************************************
LINKING FAILED
The linking process failed in some stage.
Depending on the phase the linker failed, part of the information contained in this map file may be inaccurate or wrong.
If the linking failed before the allocation phase finished, then the addresses might be inaccurate.
Also summary information like the code size is likely to be misleading.
---------------------------------------------------------------------------------------------
---------------------------------------------------------------------------------------------

PROGRAM "manette.abs"

*********************************************************************************************
TARGET SECTION
---------------------------------------------------------------------------------------------
Processor   : Freescale HC08
Memory Model: SMALL
File Format : ELF (no debug info)
Linker      : SmartLinker V-5.0.51 Build 14019, Jan 20 2014

*********************************************************************************************
FILE SECTION
---------------------------------------------------------------------------------------------
balle_c.obj                             Model: SMALL,         Lang: ANSI-C
bsp_c.obj                               Model: SMALL,         Lang: ANSI-C
intro_c.obj                             Model: SMALL,         Lang: ANSI-C
main_c.obj                              Model: SMALL,         Lang: ANSI-C
raquette_c.obj                          Model: SMALL,         Lang: ANSI-C
start08_c.obj                           Model: SMALL,         Lang: ANSI-C
Cpu_c.obj                               Model: SMALL,         Lang: ANSI-C
IO_Map_c.obj                            Model: SMALL,         Lang: ANSI-C
PTA_c.obj                               Model: SMALL,         Lang: ANSI-C
PTD_c.obj                               Model: SMALL,         Lang: ANSI-C
SCI_c.obj                               Model: SMALL,         Lang: ANSI-C
Vectors_c.obj                           Model: SMALL,         Lang: ANSI-C
rtshc08.o (ansiis.lib)                  Model: SMALL,         Lang: ANSI-C

*********************************************************************************************
STARTUP SECTION
---------------------------------------------------------------------------------------------

*********************************************************************************************
SECTION-ALLOCATION SECTION
Section Name                    Size  Type     From       To       Segment
---------------------------------------------------------------------------------------------
.abs_section_ffbd                  1     R     0xFFBD     0xFFBD   .absSeg0
.abs_section_ffbf                  1     R     0xFFBF     0xFFBF   .absSeg1
.abs_section_0                     1   N/I        0x0        0x0   .absSeg2
.abs_section_1                     1   N/I        0x1        0x1   .absSeg3
.abs_section_2                     1   N/I        0x2        0x2   .absSeg4
.abs_section_3                     1   N/I        0x3        0x3   .absSeg5
.abs_section_4                     1   N/I        0x4        0x4   .absSeg6
.abs_section_5                     1   N/I        0x5        0x5   .absSeg7
.abs_section_6                     1   N/I        0x6        0x6   .absSeg8
.abs_section_7                     1   N/I        0x7        0x7   .absSeg9
.abs_section_c                     1   N/I        0xC        0xC   .absSeg10
.abs_section_d                     1   N/I        0xD        0xD   .absSeg11
.abs_section_e                     1   N/I        0xE        0xE   .absSeg12
.abs_section_f                     1   N/I        0xF        0xF   .absSeg13
.abs_section_10                    1   N/I       0x10       0x10   .absSeg14
.abs_section_11                    1   N/I       0x11       0x11   .absSeg15
.abs_section_16                    1   N/I       0x16       0x16   .absSeg16
.abs_section_17                    1   N/I       0x17       0x17   .absSeg17
.abs_section_18                    1   N/I       0x18       0x18   .absSeg18
.abs_section_1a                    1   N/I       0x1A       0x1A   .absSeg19
.abs_section_1b                    1   N/I       0x1B       0x1B   .absSeg20
.abs_section_22                    1   N/I       0x22       0x22   .absSeg21
.abs_section_23                    1   N/I       0x23       0x23   .absSeg22
.abs_section_24                    1   N/I       0x24       0x24   .absSeg23
.abs_section_25                    1   N/I       0x25       0x25   .absSeg24
.abs_section_26                    1   N/I       0x26       0x26   .absSeg25
.abs_section_27                    1   N/I       0x27       0x27   .absSeg26
.abs_section_28                    1   N/I       0x28       0x28   .absSeg27
.abs_section_29                    1   N/I       0x29       0x29   .absSeg28
.abs_section_2a                    1   N/I       0x2A       0x2A   .absSeg29
.abs_section_2b                    1   N/I       0x2B       0x2B   .absSeg30
.abs_section_2d                    1   N/I       0x2D       0x2D   .absSeg31
.abs_section_30                    1   N/I       0x30       0x30   .absSeg32
.abs_section_31                    1   N/I       0x31       0x31   .absSeg33
.abs_section_32                    1   N/I       0x32       0x32   .absSeg34
.abs_section_33                    1   N/I       0x33       0x33   .absSeg35
.abs_section_34                    1   N/I       0x34       0x34   .absSeg36
.abs_section_35                    1   N/I       0x35       0x35   .absSeg37
.abs_section_38                    1   N/I       0x38       0x38   .absSeg38
.abs_section_39                    1   N/I       0x39       0x39   .absSeg39
.abs_section_3a                    1   N/I       0x3A       0x3A   .absSeg40
.abs_section_3b                    1   N/I       0x3B       0x3B   .absSeg41
.abs_section_40                    1   N/I       0x40       0x40   .absSeg42
.abs_section_45                    1   N/I       0x45       0x45   .absSeg43
.abs_section_48                    1   N/I       0x48       0x48   .absSeg44
.abs_section_4b                    1   N/I       0x4B       0x4B   .absSeg45
.abs_section_50                    1   N/I       0x50       0x50   .absSeg46
.abs_section_55                    1   N/I       0x55       0x55   .absSeg47
.abs_section_58                    1   N/I       0x58       0x58   .absSeg48
.abs_section_5b                    1   N/I       0x5B       0x5B   .absSeg49
.abs_section_1800                  1   N/I     0x1800     0x1800   .absSeg50
.abs_section_1801                  1   N/I     0x1801     0x1801   .absSeg51
.abs_section_1802                  1   N/I     0x1802     0x1802   .absSeg52
.abs_section_1803                  1   N/I     0x1803     0x1803   .absSeg53
.abs_section_1808                  1   N/I     0x1808     0x1808   .absSeg54
.abs_section_1809                  1   N/I     0x1809     0x1809   .absSeg55
.abs_section_180b                  1   N/I     0x180B     0x180B   .absSeg56
.abs_section_180e                  1   N/I     0x180E     0x180E   .absSeg57
.abs_section_180f                  1   N/I     0x180F     0x180F   .absSeg58
.abs_section_1818                  1   N/I     0x1818     0x1818   .absSeg59
.abs_section_1819                  1   N/I     0x1819     0x1819   .absSeg60
.abs_section_181a                  1   N/I     0x181A     0x181A   .absSeg61
.abs_section_181c                  1   N/I     0x181C     0x181C   .absSeg62
.abs_section_181d                  1   N/I     0x181D     0x181D   .absSeg63
.abs_section_181e                  1   N/I     0x181E     0x181E   .absSeg64
.abs_section_181f                  1   N/I     0x181F     0x181F   .absSeg65
.abs_section_1820                  1   N/I     0x1820     0x1820   .absSeg66
.abs_section_1821                  1   N/I     0x1821     0x1821   .absSeg67
.abs_section_1823                  1   N/I     0x1823     0x1823   .absSeg68
.abs_section_1824                  1   N/I     0x1824     0x1824   .absSeg69
.abs_section_1825                  1   N/I     0x1825     0x1825   .absSeg70
.abs_section_1826                  1   N/I     0x1826     0x1826   .absSeg71
.abs_section_1830                  1   N/I     0x1830     0x1830   .absSeg72
.abs_section_1831                  1   N/I     0x1831     0x1831   .absSeg73
.abs_section_1832                  1   N/I     0x1832     0x1832   .absSeg74
.abs_section_1840                  1   N/I     0x1840     0x1840   .absSeg75
.abs_section_1841                  1   N/I     0x1841     0x1841   .absSeg76
.abs_section_1842                  1   N/I     0x1842     0x1842   .absSeg77
.abs_section_1844                  1   N/I     0x1844     0x1844   .absSeg78
.abs_section_1845                  1   N/I     0x1845     0x1845   .absSeg79
.abs_section_1846                  1   N/I     0x1846     0x1846   .absSeg80
.abs_section_1848                  1   N/I     0x1848     0x1848   .absSeg81
.abs_section_1849                  1   N/I     0x1849     0x1849   .absSeg82
.abs_section_184a                  1   N/I     0x184A     0x184A   .absSeg83
.abs_section_184c                  1   N/I     0x184C     0x184C   .absSeg84
.abs_section_184d                  1   N/I     0x184D     0x184D   .absSeg85
.abs_section_184e                  1   N/I     0x184E     0x184E   .absSeg86
.abs_section_12                    2   N/I       0x12       0x13   .absSeg87
.abs_section_14                    2   N/I       0x14       0x15   .absSeg88
.abs_section_20                    2   N/I       0x20       0x21   .absSeg89
.abs_section_41                    2   N/I       0x41       0x42   .absSeg90
.abs_section_43                    2   N/I       0x43       0x44   .absSeg91
.abs_section_46                    2   N/I       0x46       0x47   .absSeg92
.abs_section_49                    2   N/I       0x49       0x4A   .absSeg93
.abs_section_4c                    2   N/I       0x4C       0x4D   .absSeg94
.abs_section_51                    2   N/I       0x51       0x52   .absSeg95
.abs_section_53                    2   N/I       0x53       0x54   .absSeg96
.abs_section_56                    2   N/I       0x56       0x57   .absSeg97
.abs_section_59                    2   N/I       0x59       0x5A   .absSeg98
.abs_section_5c                    2   N/I       0x5C       0x5D   .absSeg99
.abs_section_1806                  2   N/I     0x1806     0x1807   .absSeg100
.abs_section_1810                  2   N/I     0x1810     0x1811   .absSeg101
.abs_section_1812                  2   N/I     0x1812     0x1813   .absSeg102
.abs_section_1814                  2   N/I     0x1814     0x1815   .absSeg103
.abs_section_1816                  2   N/I     0x1816     0x1817   .absSeg104
.abs_section_ffce                 50     R     0xFFCE     0xFFFF   .absSeg105

Summary of section sizes per section type:
READ_ONLY (R):          34 (dec:       52)
NO_INIT (N/I):          79 (dec:      121)

*********************************************************************************************
VECTOR-ALLOCATION SECTION
    Address     InitValue   InitFunction
---------------------------------------------------------------------------------------------

*********************************************************************************************
OBJECT-ALLOCATION SECTION
     Name               Module                 Addr   hSize   dSize     Ref    Section   RLIB
---------------------------------------------------------------------------------------------
MODULE:                 -- balle_c.obj --
- PROCEDURES:
     move_balle                                   0'Error       1       1       0   .text       
- VARIABLES:
MODULE:                 -- bsp_c.obj --
- PROCEDURES:
     move                                         0'Error      B5     181       0   .text       
     delay                                        0'Error      28      40       0   .text       
- VARIABLES:
MODULE:                 -- intro_c.obj --
- PROCEDURES:
     logo                                         0'Error       1       1       0   .text       
     decor                                        0'Error      78     120       0   .text       
- VARIABLES:
MODULE:                 -- main_c.obj --
- PROCEDURES:
     main                                         0'Error      93     147       0   .text       
- VARIABLES:
MODULE:                 -- raquette_c.obj --
- PROCEDURES:
     move_raquette                                0'Error     105     261       0   .text       
- VARIABLES:
MODULE:                 -- start08_c.obj --
- PROCEDURES:
     loadByte                                     0'Error       E      14       0   .text       
     Init                                         0'Error      71     113       0   .text       
     _Startup                                     0'Error       9       9       0   .text       
- VARIABLES:
     _startupData                                 0'Error       6       6       0   _STARTUP    
- LABELS:
     __SEG_END_SSTACK                             0'Error       0       0       0               
MODULE:                 -- Cpu_c.obj --
- PROCEDURES:
     Cpu_Interrupt                                0'Error       4       4       0   .text       
     _EntryPoint                                  0'Error      49      73       0   .text       
     PE_low_level_init                            0'Error      40      64       0   .text       
- VARIABLES:
     NVPROT_INIT                               FFBD       1       1       0   .abs_section_ffbd
     NVOPT_INIT                                FFBF       1       1       0   .abs_section_ffbf
     CCR_lock                                     0'Error       1       1       0   .common     
MODULE:                 -- IO_Map_c.obj --
- PROCEDURES:
- VARIABLES:
     _PTAD                                        0       1       1       0   .abs_section_0
     _PTADD                                       1       1       1       0   .abs_section_1
     _PTBD                                        2       1       1       0   .abs_section_2
     _PTBDD                                       3       1       1       0   .abs_section_3
     _PTCD                                        4       1       1       0   .abs_section_4
     _PTCDD                                       5       1       1       0   .abs_section_5
     _PTDD                                        6       1       1       0   .abs_section_6
     _PTDDD                                       7       1       1       0   .abs_section_7
     _KBISC                                       C       1       1       0   .abs_section_c
     _KBIPE                                       D       1       1       0   .abs_section_d
     _KBIES                                       E       1       1       0   .abs_section_e
     _IRQSC                                       F       1       1       0   .abs_section_f
     _ADCSC1                                     10       1       1       0   .abs_section_10
     _ADCSC2                                     11       1       1       0   .abs_section_11
     _ADCCFG                                     16       1       1       0   .abs_section_16
     _APCTL1                                     17       1       1       0   .abs_section_17
     _APCTL2                                     18       1       1       0   .abs_section_18
     _ACMP1SC                                    1A       1       1       0   .abs_section_1a
     _ACMP2SC                                    1B       1       1       0   .abs_section_1b
     _SCIC1                                      22       1       1       0   .abs_section_22
     _SCIC2                                      23       1       1       0   .abs_section_23
     _SCIS1                                      24       1       1       0   .abs_section_24
     _SCIS2                                      25       1       1       0   .abs_section_25
     _SCIC3                                      26       1       1       0   .abs_section_26
     _SCID                                       27       1       1       0   .abs_section_27
     _SPIC1                                      28       1       1       0   .abs_section_28
     _SPIC2                                      29       1       1       0   .abs_section_29
     _SPIBR                                      2A       1       1       0   .abs_section_2a
     _SPIS                                       2B       1       1       0   .abs_section_2b
     _SPID                                       2D       1       1       0   .abs_section_2d
     _IICA                                       30       1       1       0   .abs_section_30
     _IICF                                       31       1       1       0   .abs_section_31
     _IICC1                                      32       1       1       0   .abs_section_32
     _IICS                                       33       1       1       0   .abs_section_33
     _IICD                                       34       1       1       0   .abs_section_34
     _IICC2                                      35       1       1       0   .abs_section_35
     _ICSC1                                      38       1       1       0   .abs_section_38
     _ICSC2                                      39       1       1       0   .abs_section_39
     _ICSTRM                                     3A       1       1       0   .abs_section_3a
     _ICSSC                                      3B       1       1       0   .abs_section_3b
     _TPM1SC                                     40       1       1       0   .abs_section_40
     _TPM1C0SC                                   45       1       1       0   .abs_section_45
     _TPM1C1SC                                   48       1       1       0   .abs_section_48
     _TPM1C2SC                                   4B       1       1       0   .abs_section_4b
     _TPM2SC                                     50       1       1       0   .abs_section_50
     _TPM2C0SC                                   55       1       1       0   .abs_section_55
     _TPM2C1SC                                   58       1       1       0   .abs_section_58
     _TPM2C2SC                                   5B       1       1       0   .abs_section_5b
     _SRS                                      1800       1       1       0   .abs_section_1800
     _SBDFR                                    1801       1       1       0   .abs_section_1801
     _SOPT1                                    1802       1       1       0   .abs_section_1802
     _SOPT2                                    1803       1       1       0   .abs_section_1803
     _SPMSC1                                   1808       1       1       0   .abs_section_1808
     _SPMSC2                                   1809       1       1       0   .abs_section_1809
     _SPMSC3                                   180B       1       1       0   .abs_section_180b
     _SCGC1                                    180E       1       1       0   .abs_section_180e
     _SCGC2                                    180F       1       1       0   .abs_section_180f
     _DBGCAX                                   1818       1       1       0   .abs_section_1818
     _DBGCBX                                   1819       1       1       0   .abs_section_1819
     _DBGCCX                                   181A       1       1       0   .abs_section_181a
     _DBGC                                     181C       1       1       0   .abs_section_181c
     _DBGT                                     181D       1       1       0   .abs_section_181d
     _DBGS                                     181E       1       1       0   .abs_section_181e
     _DBGCNT                                   181F       1       1       0   .abs_section_181f
     _FCDIV                                    1820       1       1       0   .abs_section_1820
     _FOPT                                     1821       1       1       0   .abs_section_1821
     _FCNFG                                    1823       1       1       0   .abs_section_1823
     _FPROT                                    1824       1       1       0   .abs_section_1824
     _FSTAT                                    1825       1       1       0   .abs_section_1825
     _FCMD                                     1826       1       1       0   .abs_section_1826
     _RTCSC                                    1830       1       1       0   .abs_section_1830
     _RTCCNT                                   1831       1       1       0   .abs_section_1831
     _RTCMOD                                   1832       1       1       0   .abs_section_1832
     _PTAPE                                    1840       1       1       0   .abs_section_1840
     _PTASE                                    1841       1       1       0   .abs_section_1841
     _PTADS                                    1842       1       1       0   .abs_section_1842
     _PTBPE                                    1844       1       1       0   .abs_section_1844
     _PTBSE                                    1845       1       1       0   .abs_section_1845
     _PTBDS                                    1846       1       1       0   .abs_section_1846
     _PTCPE                                    1848       1       1       0   .abs_section_1848
     _PTCSE                                    1849       1       1       0   .abs_section_1849
     _PTCDS                                    184A       1       1       0   .abs_section_184a
     _PTDPE                                    184C       1       1       0   .abs_section_184c
     _PTDSE                                    184D       1       1       0   .abs_section_184d
     _PTDDS                                    184E       1       1       0   .abs_section_184e
     _ADCR                                       12       2       2       0   .abs_section_12
     _ADCCV                                      14       2       2       0   .abs_section_14
     _SCIBD                                      20       2       2       0   .abs_section_20
     _TPM1CNT                                    41       2       2       0   .abs_section_41
     _TPM1MOD                                    43       2       2       0   .abs_section_43
     _TPM1C0V                                    46       2       2       0   .abs_section_46
     _TPM1C1V                                    49       2       2       0   .abs_section_49
     _TPM1C2V                                    4C       2       2       0   .abs_section_4c
     _TPM2CNT                                    51       2       2       0   .abs_section_51
     _TPM2MOD                                    53       2       2       0   .abs_section_53
     _TPM2C0V                                    56       2       2       0   .abs_section_56
     _TPM2C1V                                    59       2       2       0   .abs_section_59
     _TPM2C2V                                    5C       2       2       0   .abs_section_5c
     _SDID                                     1806       2       2       0   .abs_section_1806
     _DBGCA                                    1810       2       2       0   .abs_section_1810
     _DBGCB                                    1812       2       2       0   .abs_section_1812
     _DBGCC                                    1814       2       2       0   .abs_section_1814
     _DBGF                                     1816       2       2       0   .abs_section_1816
MODULE:                 -- PTA_c.obj --
- PROCEDURES:
     PTA_Init                                     0'Error      15      21       0   .text       
- VARIABLES:
MODULE:                 -- PTD_c.obj --
- PROCEDURES:
     PTD_Init                                     0'Error      15      21       0   .text       
- VARIABLES:
MODULE:                 -- SCI_c.obj --
- PROCEDURES:
     SCI_Init                                     0'Error      16      22       0   .text       
- VARIABLES:
MODULE:                 -- Vectors_c.obj --
- PROCEDURES:
- VARIABLES:
     _vect                                     FFCE      32      50       0   .abs_section_ffce
MODULE:                 -- rtshc08.o (ansiis.lib) --
- PROCEDURES:
     _PUSH_ARGS_L                                 0'Error      20      32       0   .text       
     _ENTER_UNARY_L                               0'Error      29      41       0   .text       
     _ENTER_BINARY_L                              0'Error      16      22       0   .text       
     _IDIVMOD                                     0'Error      69     105       0   .text       
     _SPLITSIGN                                   0'Error      1C      28       0   .text       
     _LCMP_k_rel_j                                0'Error      1F      31       0   .text       
     _IDIVS_STAR08                                0'Error      1B      27       0   .text       
     _IMODS_STAR08                                0'Error      25      37       0   .text       
     _LINC                                        0'Error      16      22       0   .text       
     _LCMP                                        0'Error       6       6       0   .text       
     _POP32                                       0'Error      1A      26       0   .text       
- VARIABLES:

*********************************************************************************************
MODULE STATISTIC
  Name                                      Data   Code  Const
---------------------------------------------------------------------------------------------

*********************************************************************************************
SECTION USE IN OBJECT-ALLOCATION SECTION
---------------------------------------------------------------------------------------------

*********************************************************************************************
OBJECT LIST SORTED BY ADDRESS
     Name                                      Addr   hSize   dSize     Ref    Section   RLIB
---------------------------------------------------------------------------------------------

*********************************************************************************************
UNUSED-OBJECTS SECTION
---------------------------------------------------------------------------------------------
NOT USED PROCEDURES
bsp_c.obj:
  clear_screen 
raquette_c.obj:
  put_raquette 
rtshc08.o (ansiis.lib):
  _PUSH_ARGS_D _ENTER_UNARY_L64 _ENTER_UNARY_L64_4 _ENTER_BINARY_L_RC 
  _ENTER_BINARY_L_LC _ENTER_BINARY_L64 _ENTER_BINARY_L64_LC 
  _ENTER_BINARY_L64_RC _LADD_k_is_k_plus_j _k_is_k_plus_j_l _k_is_k_plus_j_i 
  _LSUB_k_is_k_minus_j _LAND_k_is_k_and_j _LOR_k_is_k_or_j _LXOR_k_is_k_xor_j 
  _LMUL_k_is_k_mul_j _LDIVMOD _NEG_L_HX _ABS_L_HX _SPLITSIGN_L 
  _LMODU_k_is_k_mod_j _LDIVU_k_is_k_div_j _LMODS_k_is_k_mod_j 
  _LDIVS_k_is_k_div_j _CMP24_k_rel_j _BMULS _BDIVS _BMODS _IMUL_STAR08 
  _IDIVU_STAR08 _IMODU_STAR08 _IDIVU_8 _IMODU_8 _IASR _ILSR _ILSL _ICMP _LDEC 
  _LNEG _LNOT _LADD _LADD_RC _LSUB _LSUB_LC _LSUB_RC _LAND _LAND_RC _LOR 
  _LOR_RC _LXOR _LXOR_RC _LMUL _LMUL_RC _LDIVS _LDIVS_LC _LDIVS_RC _LDIVU 
  _LDIVU_LC _LDIVU_RC _LMODS _LMODS_LC _LMODS_RC _LMODU _LMODU_LC _LMODU_RC 
  _LASR _LLSR _LLSL _LCMP_RC _PUSH_ARGS_24 _ENTER_BINARY_24_RC _ENTER_BINARY_24 
  _CMP24 _CMP24_RC _COPY _COPY_L _POP64 _STORE32 _STORE64 _SEXT8_32 _SEXT16_32 
  _CALL_STAR08 _CALL_STAR08_FAR _Jump_Table_Addr _Jump_Table_Offset 
  _Jump_Table_Header_Addr _Jump_Table_Header_Offset _Search_Table_16_Addr 
  _Search_Table_16_Offset _Search_Table_8_Addr _Search_Table_8_Offset _PUSH_CC 
  _POP_CC _CONV_FAR_TO_NEAR _CONV_FAR_TO_LINEAR _CONV_LINEAR_TO_FAR 
NOT USED VARIABLES
Cpu_c.obj:
  CCR_reg 
rtshc08.o (ansiis.lib):
  _PowOfTwo_8 _PowOfTwo_16 _PowOfTwo_32 errno 

*********************************************************************************************
COPYDOWN SECTION
---------------------------------------------------------------------------------------------

*********************************************************************************************
OBJECT-DEPENDENCIES SECTION
---------------------------------------------------------------------------------------------

*********************************************************************************************
STATISTIC SECTION
---------------------------------------------------------------------------------------------

ExeFile:
--------
Number of blocks to be downloaded: 0
Total size of all blocks to be downloaded: 0

